// Jest Snapshot v1, https://goo.gl/fbAQLP

exports[`<Pagination> deve haver alteração na estrutura do componente após um click 1`] = `
<nav
  aria-label="Page navigation"
  className=""
>
  <ul
    className="pagination"
  >
    <li
      className="page-item disabled"
    >
      <button
        aria-label="First"
        className="page-link"
        onClick={[Function]}
      >
        <span
          aria-hidden="true"
        >
          «
        </span>
        <span
          className="sr-only"
        >
          First
        </span>
      </button>
    </li>
    <li
      className="page-item disabled"
    >
      <button
        aria-label="Previous"
        className="page-link"
        onClick={[Function]}
      >
        <span
          aria-hidden="true"
        >
          ‹
        </span>
        <span
          className="sr-only"
        >
          Previous
        </span>
      </button>
    </li>
    <li
      className="active page-item disabled"
    >
      <button
        className="page-link"
        onClick={[Function]}
      >
        1
      </button>
    </li>
    <li
      className="page-item"
    >
      <button
        className="page-link"
        onClick={[Function]}
      >
        2
      </button>
    </li>
    <li
      className="page-item"
    >
      <button
        aria-label="Next"
        className="page-link"
        onClick={[Function]}
      >
        <span
          aria-hidden="true"
        >
          ›
        </span>
        <span
          className="sr-only"
        >
          Next
        </span>
      </button>
    </li>
    <li
      className="page-item"
    >
      <button
        aria-label="Last"
        className="page-link"
        onClick={[Function]}
      >
        <span
          aria-hidden="true"
        >
          »
        </span>
        <span
          className="sr-only"
        >
          Last
        </span>
      </button>
    </li>
  </ul>
</nav>
`;
